traffic: N=207 h=1 test window 2008-09-30 to 2008-09-30   3 heads x 20 seeds
    factor_model       seed 0   overall=0.020017 (23s)
    factor_model       seed 1   overall=0.023191 (23s)
    factor_model       seed 2   overall=0.018857 (31s)
    factor_model       seed 3   overall=0.016233 (86s)
    factor_model       seed 4   overall=0.020320 (26s)
    factor_model       seed 5   overall=0.019676 (21s)
    factor_model       seed 6   overall=0.024740 (34s)
    factor_model       seed 7   overall=0.019725 (25s)
    factor_model       seed 8   overall=0.021275 (43s)
    factor_model       seed 9   overall=0.019964 (40s)
    factor_model       seed 10  overall=0.019462 (32s)
    factor_model       seed 11  overall=0.016769 (57s)
    factor_model       seed 12  overall=0.030828 (25s)
    factor_model       seed 13  overall=0.020701 (36s)
    factor_model       seed 14  overall=0.020798 (21s)
    factor_model       seed 15  overall=0.018599 (30s)
    factor_model       seed 16  overall=0.018219 (57s)
    factor_model       seed 17  overall=0.026498 (27s)
    factor_model       seed 18  overall=0.020679 (30s)
    factor_model       seed 19  overall=0.022111 (22s)
    normalizing_flow   seed 0   overall=0.021305 (27s)
    normalizing_flow   seed 1   overall=0.020439 (44s)
    normalizing_flow   seed 2   overall=0.018255 (38s)
    normalizing_flow   seed 3   overall=0.024723 (38s)
    normalizing_flow   seed 4   overall=0.020854 (38s)
    normalizing_flow   seed 5   overall=0.021714 (31s)
    normalizing_flow   seed 6   overall=0.020546 (32s)
    normalizing_flow   seed 7   overall=0.020668 (35s)
    normalizing_flow   seed 8   overall=0.024238 (28s)
    normalizing_flow   seed 9   overall=0.019124 (55s)
    normalizing_flow   seed 10  overall=0.020867 (38s)
    normalizing_flow   seed 11  overall=0.021717 (32s)
    normalizing_flow   seed 12  overall=0.024431 (32s)
    normalizing_flow   seed 13  overall=0.024189 (28s)
    normalizing_flow   seed 14  overall=0.028828 (45s)
    normalizing_flow   seed 15  overall=0.024774 (41s)
    normalizing_flow   seed 16  overall=0.015893 (101s)
    normalizing_flow   seed 17  overall=0.018529 (61s)
    normalizing_flow   seed 18  overall=0.024350 (39s)
    normalizing_flow   seed 19  overall=0.024186 (39s)
    copula_spline      seed 0   overall=0.018446 (50s)
    copula_spline      seed 1   overall=0.023837 (27s)
    copula_spline      seed 2   overall=0.018045 (86s)
    copula_spline      seed 3   overall=0.020920 (26s)
    copula_spline      seed 4   overall=0.020678 (38s)
    copula_spline      seed 5   overall=0.021361 (42s)
    copula_spline      seed 6   overall=0.020487 (56s)
    copula_spline      seed 7   overall=0.018168 (78s)
    copula_spline      seed 8   overall=0.023364 (34s)
    copula_spline      seed 9   overall=0.022211 (35s)
    copula_spline      seed 10  overall=0.020995 (30s)
    copula_spline      seed 11  overall=0.022949 (35s)
    copula_spline      seed 12  overall=0.025022 (42s)
    copula_spline      seed 13  overall=0.020529 (44s)
    copula_spline      seed 14  overall=0.020423 (34s)
    copula_spline      seed 15  overall=0.019445 (45s)
    copula_spline      seed 16  overall=0.024893 (44s)
    copula_spline      seed 17  overall=0.020418 (34s)
    copula_spline      seed 18  overall=0.022512 (35s)
    copula_spline      seed 19  overall=0.027904 (26s)

Gaussian factor model: Overall sCRPS 0.020933 +/-0.003271 over 20 seeds
  wrote C:\Users\User\Desktop\Clover\Clover_N\clover\results/figures\traffic_multiseed\fan_charts_test_factor_model.png

Normalizing flow: Overall sCRPS 0.021981 +/-0.002906 over 20 seeds
  wrote C:\Users\User\Desktop\Clover\Clover_N\clover\results/figures\traffic_multiseed\fan_charts_test_normalizing_flow.png

Gaussian-copula spline: Overall sCRPS 0.021630 +/-0.002443 over 20 seeds
  wrote C:\Users\User\Desktop\Clover\Clover_N\clover\results/figures\traffic_multiseed\fan_charts_test_copula_spline.png

wrote 8 files to C:\Users\User\Desktop\Clover\Clover_N\clover\results/figures\traffic_multiseed
